Microchip MPLAB XC8 Compiler V2.40

Linker command line:

-W-3 \
  --edf=C:/Users/Bryan Ortiz/.mchp_packs/Microchip/PIC16Fxxx_DFP/1.4.149/xc8\pic\dat\20230322214319_en.msgs \
  -cn -h+dist/default/production\LAB4D2_SLAVE.X.production.sym \
  --cmf=dist/default/production\LAB4D2_SLAVE.X.production.cmf -z -Q16F887 \
  -oC:\Users\BRYANO~1\AppData\Local\Temp\xcAslh0.5 --defsym=__MPLAB_BUILD=1 \
  --fixupoverflow=error \
  -Mdist/default/production/LAB4D2_SLAVE.X.production.map \
  --md=C:\Users\BRYANO~1\AppData\Local\Temp\xcBslh0.dat -E1 \
  -ver=XC8 Compiler --acfsm=1493 -ACODE=00h-07FFhx4 -ASTRCODE=00h-01FFFh \
  -ASTRING=00h-0FFhx32 -ACONST=00h-0FFhx32 -AENTRY=00h-0FFhx32 \
  -ACOMMON=070h-07Fh -ABANK0=020h-06Fh -ABANK1=0A0h-0EFh \
  -ABANK2=0110h-016Fh -ABANK3=0190h-01EFh \
  -ARAM=020h-06Fh,0A0h-0EFh,0110h-016Fh,0190h-01EFh \
  -AABS1=020h-07Fh,0A0h-0EFh,0110h-016Fh,0190h-01EFh -ASFR0=00h-01Fh \
  -ASFR1=080h-09Fh -ASFR2=0100h-010Fh -ASFR3=0180h-018Fh \
  -ACONFIG=02007h-02008h -DCONFIG=2 -AIDLOC=02000h-02003h -DIDLOC=2 \
  -AEEDATA=00h-0FFh/02100h -peeprom_data=EEDATA -DEEDATA=2 -DCODE=2 \
  -DSTRCODE=2 -DSTRING=2 -DCONST=2 -DENTRY=2 \
  -preset_vec=00h,intentry=04h,init,end_init -ppowerup=CODE -pcinit=CODE \
  -pfunctab=ENTRY -k C:\Users\BRYANO~1\AppData\Local\Temp\xcAslh0.o \
  dist/default/production\LAB4D2_SLAVE.X.production.o 

Object code version is 3.11

Machine type is 16F887



                Name                               Link     Load   Length Selector   Space Scale
C:\Users\BRYANO~1\AppData\Local\Temp\xcAslh0.o
                end_init                              C        C        3        8       0
                reset_vec                             0        0        3        0       0
                config                             2007     2007        2        0       4
                idloc                              2000     2000        4        0       5
dist/default/production\LAB4D2_SLAVE.X.production.o
                cinit                                 F        F        7        8       0
                intentry                              4        4        8        8       0
                config                             2007     2007        2        0       4
                idloc                              2000     2000        4        0       5
                text5                                E9       E9       5D        8       0
                text4                               195      195       14        8       0
                text3                               17B      17B       1A        8       0
                text2                                16       16       D3        8       0
                text1                               146      146       1B        8       0
                maintext                            161      161       1A        8       0
                cstackBANK0                          20       20        4       20       1
                cstackCOMMON                         70       70        7       70       1
                bssCOMMON                            77       77        3       70       1

TOTAL           Name                               Link     Load   Length     Space
        CLASS   CODE           
                end_init                              C        C        3         0
                cinit                                 F        F        7         0
                intentry                              4        4        8         0
                reset_vec                             0        0        3         0
                text5                                E9       E9       5D         0
                text4                               195      195       14         0
                text3                               17B      17B       1A         0
                text2                                16       16       D3         0
                text1                               146      146       1B         0
                maintext                            161      161       1A         0

        CLASS   STRCODE        

        CLASS   STRING         

        CLASS   CONST          

        CLASS   ENTRY          

        CLASS   COMMON         
                cstackCOMMON                         70       70        7         1
                bssCOMMON                            77       77        3         1

        CLASS   BANK0          
                cstackBANK0                          20       20        4         1

        CLASS   BANK1          

        CLASS   BANK2          

        CLASS   BANK3          

        CLASS   RAM            

        CLASS   ABS1           
                abs_s1                               7E       7E        2         1

        CLASS   SFR0           

        CLASS   SFR1           

        CLASS   SFR2           

        CLASS   SFR3           

        CLASS   CONFIG         
                config                             2007     2007        2         4

        CLASS   IDLOC          
                idloc                              2000     2000        4         5

        CLASS   EEDATA         

        CLASS   STACK          



SEGMENTS        Name                           Load    Length   Top    Selector   Space  Class     Delta

                reset_vec                      000000  000003  000003         0       0  CODE        2
                intentry                       000004  0001A5  0001A9         8       0  CODE        2
                cstackBANK0                    000020  000004  000024        20       1  BANK0       1
                cstackCOMMON                   000070  00000A  00007A        70       1  COMMON      1


UNUSED ADDRESS RANGES

        Name                Unused          Largest block    Delta
        BANK0            0024-006F             4C           1
        BANK1            00A0-00EF             50           1
        BANK2            0110-016F             60           1
        BANK3            0190-01EF             60           1
        CODE             0003-0003              1           2
                         01A9-1FFF            800
        COMMON           007A-007D              4           1
        CONST            0003-0003              1           2
                         01A9-1FFF            100
        EEDATA           2100-21FF            100           2
        ENTRY            0003-0003              1           2
                         01A9-1FFF            100
        RAM              0024-006F             4C           1
                         00A0-00EF             50
                         0110-016F             60
                         0190-01EF             60
        SFR0             0000-001F             20           1
        SFR1             0080-009F             20           1
        SFR2             0100-010F             10           1
        SFR3             0180-018F             10           1
        STRCODE          0003-0003              1           2
                         01A9-1FFF           1E57
        STRING           0003-0003              1           2
                         01A9-1FFF            100

                                  Symbol Table

?_adc_read               cstackCOMMON 0073
I2C_Slave_Init@address   cstackCOMMON 0073
_ADCON0bits              (abs)        001F
_ADCON1bits              (abs)        009F
_ADIF                    (abs)        0066
_ADRESH                  (abs)        001E
_ANSEL                   (abs)        0188
_ANSELH                  (abs)        0189
_ANSELHbits              (abs)        0189
_ANSELbits               (abs)        0188
_BF                      (abs)        04A0
_GIE                     (abs)        005F
_I2C_Slave_Init          text3        017B
_PEIE                    (abs)        005E
_PIR1bits                (abs)        000C
_PORTAbits               (abs)        0005
_PORTB                   (abs)        0006
_PORTBbits               (abs)        0006
_PORTD                   (abs)        0008
_PORTEbits               (abs)        0009
_SSPADD                  (abs)        0093
_SSPBUF                  (abs)        0013
_SSPCON                  (abs)        0014
_SSPCON2                 (abs)        0091
_SSPCON2bits             (abs)        0091
_SSPCONbits              (abs)        0014
_SSPIE                   (abs)        0463
_SSPIF                   (abs)        0063
_SSPSTAT                 (abs)        0094
_SSPSTATbits             (abs)        0094
_TRISAbits               (abs)        0085
_TRISB                   (abs)        0086
_TRISBbits               (abs)        0086
_TRISC3                  (abs)        043B
_TRISC4                  (abs)        043C
_TRISCbits               (abs)        0087
_TRISD                   (abs)        0088
_TRISEbits               (abs)        0089
__Habs1                  abs1         0000
__Hbank0                 bank0        0000
__Hbank1                 bank1        0000
__Hbank2                 bank2        0000
__Hbank3                 bank3        0000
__HbssCOMMON             bssCOMMON    0000
__Hcinit                 cinit        0016
__Hclrtext               clrtext      0000
__Hcode                  code         0000
__Hcommon                common       0000
__Hconfig                config       2009
__HcstackBANK0           cstackBANK0  0000
__HcstackCOMMON          cstackCOMMON 0000
__Heeprom_data           eeprom_data  0000
__Hend_init              end_init     000F
__Hfunctab               functab      0000
__Hidloc                 idloc        2004
__Hinit                  init         000C
__Hintentry              intentry     000C
__Hmaintext              maintext     0000
__Hpowerup               powerup      0000
__Hram                   ram          0000
__Hreset_vec             reset_vec    0003
__Hsfr0                  sfr0         0000
__Hsfr1                  sfr1         0000
__Hsfr2                  sfr2         0000
__Hsfr3                  sfr3         0000
__Hspace_0               (abs)        01A9
__Hspace_1               (abs)        007A
__Hspace_2               (abs)        0000
__Hspace_3               (abs)        0000
__Hspace_4               (abs)        4010
__Hstack                 stack        0000
__Hstrings               strings      0000
__Htext                  text         0000
__Labs1                  abs1         0000
__Lbank0                 bank0        0000
__Lbank1                 bank1        0000
__Lbank2                 bank2        0000
__Lbank3                 bank3        0000
__LbssCOMMON             bssCOMMON    0000
__Lcinit                 cinit        000F
__Lclrtext               clrtext      0000
__Lcode                  code         0000
__Lcommon                common       0000
__Lconfig                config       0000
__LcstackBANK0           cstackBANK0  0000
__LcstackCOMMON          cstackCOMMON 0000
__Leeprom_data           eeprom_data  0000
__Lend_init              end_init     000C
__Lfunctab               functab      0000
__Lidloc                 idloc        0000
__Linit                  init         000C
__Lintentry              intentry     0004
__Lmaintext              maintext     0000
__Lpowerup               powerup      0000
__Lram                   ram          0000
__Lreset_vec             reset_vec    0000
__Lsfr0                  sfr0         0000
__Lsfr1                  sfr1         0000
__Lsfr2                  sfr2         0000
__Lsfr3                  sfr3         0000
__Lspace_0               (abs)        0000
__Lspace_1               (abs)        0000
__Lspace_2               (abs)        0000
__Lspace_3               (abs)        0000
__Lspace_4               (abs)        0000
__Lstack                 stack        0000
__Lstrings               strings      0000
__Ltext                  text         0000
__S0                     (abs)        01A9
__S1                     (abs)        007A
__S3                     (abs)        0000
___int_sp                stack        0000
___latbits               (abs)        0002
___sp                    stack        0000
___stackhi               (abs)        0000
___stacklo               (abs)        0000
__end_of_I2C_Slave_Init  text3        0195
__end_of__initialization cinit        0012
__end_of_adc_init        text2        00E9
__end_of_adc_read        text4        01A9
__end_of_isr             text5        0146
__end_of_main            maintext     017B
__end_of_setup           text1        0161
__initialization         cinit        000F
__pbssCOMMON             bssCOMMON    0077
__pcstackBANK0           cstackBANK0  0020
__pcstackCOMMON          cstackCOMMON 0070
__pintentry              intentry     0004
__pmaintext              maintext     0161
__ptext1                 text1        0146
__ptext2                 text2        0016
__ptext3                 text3        017B
__ptext4                 text4        0195
__ptext5                 text5        00E9
_adc_init                text2        0016
_adc_read                text4        0195
_adc_val                 bssCOMMON    0077
_isr                     text5        00E9
_main                    maintext     0161
_setup                   text1        0146
_z                       bssCOMMON    0079
adc_init@channel         cstackCOMMON 0073
adc_read@adcValue        cstackBANK0  0020
btemp                    (abs)        007E
end_of_initialization    cinit        0012
interrupt_function       intentry     0004
intlevel0                functab      0000
intlevel1                functab      0000
intlevel2                functab      0000
intlevel3                functab      0000
intlevel4                functab      0000
intlevel5                functab      0000
reset_vec                reset_vec    0000
saved_w                  (abs)        007E
start                    init         000C
start_initialization     cinit        000F
wtemp0                   (abs)        007E


MODULE INFORMATION

Module		Function		Class		Link	Load	Size
C:/Users/Bryan Ortiz/Desktop/Digital2/LAB4/LAB4D2_SLAVE.X/I2C.c
		_I2C_Slave_Init		CODE           	017B	0000	26

C:/Users/Bryan Ortiz/Desktop/Digital2/LAB4/LAB4D2_SLAVE.X/I2C.c estimated size: 26

shared
		__initialization		CODE           	000F	0000	3

shared estimated size: 3

C:/Users/Bryan Ortiz/Desktop/Digital2/LAB4/LAB4D2_SLAVE.X/PRE4_SLAVE.c
		_main          		CODE           	0161	0000	26
		_isr           		CODE           	00E9	0000	93
		_setup         		CODE           	0146	0000	27

C:/Users/Bryan Ortiz/Desktop/Digital2/LAB4/LAB4D2_SLAVE.X/PRE4_SLAVE.c estimated size: 146

C:/Users/Bryan Ortiz/Desktop/Digital2/LAB4/LAB4D2_SLAVE.X/ADC.c
		_adc_read      		CODE           	0195	0000	20
		_adc_init      		CODE           	0016	0000	211

C:/Users/Bryan Ortiz/Desktop/Digital2/LAB4/LAB4D2_SLAVE.X/ADC.c estimated size: 231

