Microchip MPLAB XC8 Compiler V2.40

Linker command line:

-W-3 \
  --edf=C:/Users/Bryan Ortiz/.mchp_packs/Microchip/PIC16Fxxx_DFP/1.4.149/xc8\pic\dat\20230322214319_en.msgs \
  -cn -h+dist/default/production\LAB4D2.X.production.sym \
  --cmf=dist/default/production\LAB4D2.X.production.cmf -z -Q16F887 \
  -oC:\Users\BRYANO~1\AppData\Local\Temp\xcAsgl4.4 --defsym=__MPLAB_BUILD=1 \
  --fixupoverflow=error -Mdist/default/production/LAB4D2.X.production.map \
  --md=C:\Users\BRYANO~1\AppData\Local\Temp\xcAsgl4.dat -E1 \
  -ver=XC8 Compiler --acfsm=1493 -ACODE=00h-07FFhx4 -ASTRCODE=00h-01FFFh \
  -ASTRING=00h-0FFhx32 -ACONST=00h-0FFhx32 -AENTRY=00h-0FFhx32 \
  -ACOMMON=070h-07Fh -ABANK0=020h-06Fh -ABANK1=0A0h-0EFh \
  -ABANK2=0110h-016Fh -ABANK3=0190h-01EFh \
  -ARAM=020h-06Fh,0A0h-0EFh,0110h-016Fh,0190h-01EFh \
  -AABS1=020h-07Fh,0A0h-0EFh,0110h-016Fh,0190h-01EFh -ASFR0=00h-01Fh \
  -ASFR1=080h-09Fh -ASFR2=0100h-010Fh -ASFR3=0180h-018Fh \
  -ACONFIG=02007h-02008h -DCONFIG=2 -AIDLOC=02000h-02003h -DIDLOC=2 \
  -AEEDATA=00h-0FFh/02100h -peeprom_data=EEDATA -DEEDATA=2 -DCODE=2 \
  -DSTRCODE=2 -DSTRING=2 -DCONST=2 -DENTRY=2 \
  -preset_vec=00h,intentry=04h,init,end_init -ppowerup=CODE -pcinit=CODE \
  -pfunctab=ENTRY -k C:\Users\BRYANO~1\AppData\Local\Temp\xcAsgl4.o \
  dist/default/production\LAB4D2.X.production.o 

Object code version is 3.11

Machine type is 16F887



                Name                               Link     Load   Length Selector   Space Scale
C:\Users\BRYANO~1\AppData\Local\Temp\xcAsgl4.o
                end_init                              C        C        3        8       0
                reset_vec                             0        0        3        0       0
                config                             2007     2007        2        0       4
                idloc                              2000     2000        4        0       5
dist/default/production\LAB4D2.X.production.o
                cinit                                 F        F        D        8       0
                intentry                              4        4        8        8       0
                config                             2007     2007        2        0       4
                idloc                              2000     2000        4        0       5
                text20                              FD1      FD1       15     1FA2       0
                text19                              FB7      FB7        D     1F6E       0
                text18                              774      774       2E        8       0
                text17                              F92      F92        9     1F24       0
                text16                              F84      F84        6     1F08       0
                text15                              FE6      FE6       1A     1FCC       0
                text14                              FC4      FC4        D     1F88       0
                text13                              7C7      7C7       20        8       0
                text12                              7E7      7E7       16        8       0
                text11                              7A2      7A2       25        8       0
                text10                              5BC      5BC       67        8       0
                text9                               623      623       5B        8       0
                text8                               554      554       68        8       0
                text7                               706      706       38        8       0
                text6                               67E      67E       4D        8       0
                text5                               6CB      6CB       3B        8       0
                text4                               F9B      F9B        9     1F36       0
                text3                               FA4      FA4        9     1F48       0
                text2                               FAD      FAD        A     1F5A       0
                text1                               73E      73E       36        8       0
                maintext                             1C       1C      538        8       0
                cstackBANK0                          20       20       1F       20       1
                cstackCOMMON                         70       70        C       70       1
                clrtext                             F8A      F8A        8     1F14       0
                bssBANK0                             3F       3F       16       20       1
                strings                             800      800        A     1000       0

TOTAL           Name                               Link     Load   Length     Space
        CLASS   CODE           
                end_init                              C        C        3         0
                cinit                                 F        F        D         0
                intentry                              4        4        8         0
                reset_vec                             0        0        3         0
                text20                              FD1      FD1       15         0
                text19                              FB7      FB7        D         0
                text18                              774      774       2E         0
                text17                              F92      F92        9         0
                text16                              F84      F84        6         0
                text15                              FE6      FE6       1A         0
                text14                              FC4      FC4        D         0
                text13                              7C7      7C7       20         0
                text12                              7E7      7E7       16         0
                text11                              7A2      7A2       25         0
                text10                              5BC      5BC       67         0
                text9                               623      623       5B         0
                text8                               554      554       68         0
                text7                               706      706       38         0
                text6                               67E      67E       4D         0
                text5                               6CB      6CB       3B         0
                text4                               F9B      F9B        9         0
                text3                               FA4      FA4        9         0
                text2                               FAD      FAD        A         0
                text1                               73E      73E       36         0
                maintext                             1C       1C      538         0
                clrtext                             F8A      F8A        8         0

        CLASS   STRCODE        

        CLASS   STRING         
                strings                             800      800        A         0

        CLASS   CONST          

        CLASS   ENTRY          

        CLASS   COMMON         
                cstackCOMMON                         70       70        C         1

        CLASS   BANK0          
                cstackBANK0                          20       20       1F         1
                bssBANK0                             3F       3F       16         1

        CLASS   BANK1          

        CLASS   BANK2          

        CLASS   BANK3          

        CLASS   RAM            

        CLASS   ABS1           
                abs_s1                               7E       7E        2         1

        CLASS   SFR0           

        CLASS   SFR1           

        CLASS   SFR2           

        CLASS   SFR3           

        CLASS   CONFIG         
                config                             2007     2007        2         4

        CLASS   IDLOC          
                idloc                              2000     2000        4         5

        CLASS   EEDATA         

        CLASS   STACK          



SEGMENTS        Name                           Load    Length   Top    Selector   Space  Class     Delta

                reset_vec                      000000  000003  000003         0       0  CODE        2
                intentry                       000004  0007F9  0007FD         8       0  CODE        2
                cstackBANK0                    000020  000035  000055        20       1  BANK0       1
                cstackCOMMON                   000070  00000C  00007C        70       1  COMMON      1
                strings                        000800  00000A  00080A      1000       0  STRING      2
                text16                         000F84  000006  000F8A      1F08       0  CODE        2
                clrtext                        000F8A  000008  000F92      1F14       0  CODE        2
                text17                         000F92  000009  000F9B      1F24       0  CODE        2
                text4                          000F9B  000009  000FA4      1F36       0  CODE        2
                text3                          000FA4  000009  000FAD      1F48       0  CODE        2
                text2                          000FAD  00000A  000FB7      1F5A       0  CODE        2
                text19                         000FB7  00000D  000FC4      1F6E       0  CODE        2
                text14                         000FC4  00000D  000FD1      1F88       0  CODE        2
                text20                         000FD1  000015  000FE6      1FA2       0  CODE        2
                text15                         000FE6  00001A  001000      1FCC       0  CODE        2


UNUSED ADDRESS RANGES

        Name                Unused          Largest block    Delta
        BANK0            0055-006F             1B           1
        BANK1            00A0-00EF             50           1
        BANK2            0110-016F             60           1
        BANK3            0190-01EF             60           1
        CODE             0003-0003              1           2
                         07FD-07FF              3
                         080A-0F83            77A
                         1000-1FFF            800
        COMMON           007C-007D              2           1
        CONST            0003-0003              1           2
                         07FD-07FF              3
                         080A-0F83            100
                         1000-1FFF            100
        EEDATA           2100-21FF            100           2
        ENTRY            0003-0003              1           2
                         07FD-07FF              3
                         080A-0F83            100
                         1000-1FFF            100
        RAM              0055-006F             1B           1
                         00A0-00EF             50
                         0110-016F             60
                         0190-01EF             60
        SFR0             0000-001F             20           1
        SFR1             0080-009F             20           1
        SFR2             0100-010F             10           1
        SFR3             0180-018F             10           1
        STRCODE          0003-0003              1           2
                         07FD-07FF              3
                         080A-0F83            77A
                         1000-1FFF           1000
        STRING           0003-0003              1           2
                         07FD-07FF              3
                         080A-0F83            100
                         1000-1FFF            100

                                  Symbol Table

?_I2C_Master_Read                 cstackCOMMON 0072
?___awdiv                         cstackCOMMON 0072
?___awmod                         cstackBANK0  0020
?___lldiv                         cstackCOMMON 0072
I2C_Master_Init@c                 cstackBANK0  0025
I2C_Master_Read@a                 cstackCOMMON 0072
I2C_Master_Read@temp              cstackCOMMON 0076
I2C_Master_Write@d                cstackCOMMON 0072
Lcd_Cmd@a                         cstackCOMMON 0075
Lcd_Port@a                        cstackCOMMON 0072
Lcd_Set_Cursor@a                  cstackCOMMON 0077
Lcd_Set_Cursor@b                  cstackCOMMON 0076
Lcd_Set_Cursor@temp               cstackCOMMON 0078
Lcd_Write_Char@a                  cstackCOMMON 0074
Lcd_Write_String@a                cstackCOMMON 0077
Lcd_Write_String@i                cstackCOMMON 0075
_ANSEL                            (abs)        0188
_ANSELH                           (abs)        0189
_GIE                              (abs)        005F
_I2C_Master_Init                  text7        0706
_I2C_Master_Read                  text18       0774
_I2C_Master_RepeatedStart         text17       0F92
_I2C_Master_Start                 text4        0F9B
_I2C_Master_Stop                  text3        0FA4
_I2C_Master_Wait                  text19       0FB7
_I2C_Master_Write                 text2        0FAD
_INTCONbits                       (abs)        000B
_IOCBbits                         (abs)        0096
_Lcd_Clear                        text14       0FC4
_Lcd_Cmd                          text15       0FE6
_Lcd_Init                         text6        067E
_Lcd_Port                         text16       0F84
_Lcd_Set_Cursor                   text13       07C7
_Lcd_Write_Char                   text12       07E7
_Lcd_Write_String                 text11       07A2
_OPTION_REGbits                   (abs)        0081
_OSCCONbits                       (abs)        008F
_PEIE                             (abs)        005E
_PORTB                            (abs)        0006
_PORTBbits                        (abs)        0006
_PORTD                            (abs)        0008
_PORTEbits                        (abs)        0009
_RB1                              (abs)        0031
_RB2                              (abs)        0032
_RB3                              (abs)        0033
_RE2                              (abs)        004A
_SSPADD                           (abs)        0093
_SSPBUF                           (abs)        0013
_SSPCON                           (abs)        0014
_SSPCON2                          (abs)        0091
_SSPCON2bits                      (abs)        0091
_SSPIE                            (abs)        0463
_SSPIF                            (abs)        0063
_SSPSTAT                          (abs)        0094
_TRISB                            (abs)        0086
_TRISC3                           (abs)        043B
_TRISC4                           (abs)        043C
_TRISCbits                        (abs)        0087
_TRISD                            (abs)        0088
_TRISE                            (abs)        0089
_WPUBbits                         (abs)        0095
__Habs1                           abs1         0000
__Hbank0                          bank0        0000
__Hbank1                          bank1        0000
__Hbank2                          bank2        0000
__Hbank3                          bank3        0000
__HbssBANK0                       bssBANK0     0000
__Hcinit                          cinit        001C
__Hclrtext                        clrtext      0000
__Hcode                           code         0000
__Hcommon                         common       0000
__Hconfig                         config       2009
__HcstackBANK0                    cstackBANK0  0000
__HcstackCOMMON                   cstackCOMMON 0000
__Heeprom_data                    eeprom_data  0000
__Hend_init                       end_init     000F
__Hfunctab                        functab      0000
__Hidloc                          idloc        2004
__Hinit                           init         000C
__Hintentry                       intentry     000C
__Hmaintext                       maintext     0000
__Hpowerup                        powerup      0000
__Hram                            ram          0000
__Hreset_vec                      reset_vec    0003
__Hsfr0                           sfr0         0000
__Hsfr1                           sfr1         0000
__Hsfr2                           sfr2         0000
__Hsfr3                           sfr3         0000
__Hspace_0                        (abs)        1000
__Hspace_1                        (abs)        007C
__Hspace_2                        (abs)        0000
__Hspace_3                        (abs)        0000
__Hspace_4                        (abs)        4010
__Hstack                          stack        0000
__Hstrings                        strings      0000
__Htext                           text         0000
__Labs1                           abs1         0000
__Lbank0                          bank0        0000
__Lbank1                          bank1        0000
__Lbank2                          bank2        0000
__Lbank3                          bank3        0000
__LbssBANK0                       bssBANK0     0000
__Lcinit                          cinit        000F
__Lclrtext                        clrtext      0000
__Lcode                           code         0000
__Lcommon                         common       0000
__Lconfig                         config       0000
__LcstackBANK0                    cstackBANK0  0000
__LcstackCOMMON                   cstackCOMMON 0000
__Leeprom_data                    eeprom_data  0000
__Lend_init                       end_init     000C
__Lfunctab                        functab      0000
__Lidloc                          idloc        0000
__Linit                           init         000C
__Lintentry                       intentry     0004
__Lmaintext                       maintext     0000
__Lpowerup                        powerup      0000
__Lram                            ram          0000
__Lreset_vec                      reset_vec    0000
__Lsfr0                           sfr0         0000
__Lsfr1                           sfr1         0000
__Lsfr2                           sfr2         0000
__Lsfr3                           sfr3         0000
__Lspace_0                        (abs)        0000
__Lspace_1                        (abs)        0000
__Lspace_2                        (abs)        0000
__Lspace_3                        (abs)        0000
__Lspace_4                        (abs)        0000
__Lstack                          stack        0000
__Lstrings                        strings      0000
__Ltext                           text         0000
__S0                              (abs)        1000
__S1                              (abs)        007C
__S3                              (abs)        0000
___awdiv                          text10       05BC
___awdiv@counter                  cstackCOMMON 0077
___awdiv@dividend                 cstackCOMMON 0074
___awdiv@divisor                  cstackCOMMON 0072
___awdiv@quotient                 cstackCOMMON 0079
___awdiv@sign                     cstackCOMMON 0078
___awmod                          text9        0623
___awmod@counter                  cstackBANK0  0024
___awmod@dividend                 cstackBANK0  0022
___awmod@divisor                  cstackBANK0  0020
___awmod@sign                     cstackBANK0  0025
___int_sp                         stack        0000
___latbits                        (abs)        0002
___lldiv                          text8        0554
___lldiv@counter                  cstackBANK0  0024
___lldiv@dividend                 cstackCOMMON 0076
___lldiv@divisor                  cstackCOMMON 0072
___lldiv@quotient                 cstackBANK0  0020
___sp                             stack        0000
___stackhi                        (abs)        0000
___stacklo                        (abs)        0000
__end_of_I2C_Master_Init          text7        073E
__end_of_I2C_Master_Read          text18       07A2
__end_of_I2C_Master_RepeatedStart text17       0F9B
__end_of_I2C_Master_Start         text4        0FA4
__end_of_I2C_Master_Stop          text3        0FAD
__end_of_I2C_Master_Wait          text19       0FC4
__end_of_I2C_Master_Write         text2        0FB7
__end_of_Lcd_Clear                text14       0FD1
__end_of_Lcd_Cmd                  text15       1000
__end_of_Lcd_Init                 text6        06CB
__end_of_Lcd_Port                 text16       0F8A
__end_of_Lcd_Set_Cursor           text13       07E7
__end_of_Lcd_Write_Char           text12       07FD
__end_of_Lcd_Write_String         text11       07C7
__end_of___awdiv                  text10       0623
__end_of___awmod                  text9        067E
__end_of___lldiv                  text8        05BC
__end_of__initialization          cinit        0018
__end_of__stringtab               strings      0806
__end_of_isr                      text20       0FE6
__end_of_main                     maintext     0554
__end_of_setup                    text5        0706
__end_of_writeTime                text1        0774
__initialization                  cinit        000F
__pbssBANK0                       bssBANK0     003F
__pcstackBANK0                    cstackBANK0  0020
__pcstackCOMMON                   cstackCOMMON 0070
__pintentry                       intentry     0004
__pmaintext                       maintext     001C
__pstrings                        strings      0800
__ptext1                          text1        073E
__ptext10                         text10       05BC
__ptext11                         text11       07A2
__ptext12                         text12       07E7
__ptext13                         text13       07C7
__ptext14                         text14       0FC4
__ptext15                         text15       0FE6
__ptext16                         text16       0F84
__ptext17                         text17       0F92
__ptext18                         text18       0774
__ptext19                         text19       0FB7
__ptext2                          text2        0FAD
__ptext20                         text20       0FD1
__ptext3                          text3        0FA4
__ptext4                          text4        0F9B
__ptext5                          text5        06CB
__ptext6                          text6        067E
__ptext7                          text7        0706
__ptext8                          text8        0554
__ptext9                          text9        0623
__stringbase                      strings      0805
__stringtab                       strings      0800
_adc_val                          bssBANK0     0054
_contador                         bssBANK0     003F
_dH                               bssBANK0     0049
_dL                               bssBANK0     0048
_day                              bssBANK0     004A
_escritura                        bssBANK0     0041
_hours                            bssBANK0     004D
_hrH                              bssBANK0     004C
_hrL                              bssBANK0     004B
_isr                              text20       0FD1
_main                             maintext     001C
_minH                             bssBANK0     004F
_minL                             bssBANK0     004E
_minutes                          bssBANK0     0050
_monH                             bssBANK0     0046
_monL                             bssBANK0     0045
_month                            bssBANK0     0047
_secH                             bssBANK0     0052
_secL                             bssBANK0     0051
_seconds                          bssBANK0     0053
_selector                         bssBANK0     0040
_setup                            text5        06CB
_writeTime                        text1        073E
_year                             bssBANK0     0044
_yrH                              bssBANK0     0043
_yrL                              bssBANK0     0042
btemp                             (abs)        007E
clear_ram0                        clrtext      0F8A
end_of_initialization             cinit        0018
interrupt_function                intentry     0004
intlevel0                         functab      0000
intlevel1                         functab      0000
intlevel2                         functab      0000
intlevel3                         functab      0000
intlevel4                         functab      0000
intlevel5                         functab      0000
main@ADC                          cstackBANK0  003C
main@days                         cstackBANK0  0036
main@hrs                          cstackBANK0  0034
main@mins                         cstackBANK0  0032
main@months                       cstackBANK0  0038
main@segs                         cstackBANK0  0030
main@years                        cstackBANK0  003A
reset_vec                         reset_vec    0000
saved_w                           (abs)        007E
start                             init         000C
start_initialization              cinit        000F
writeTime@d                       cstackCOMMON 0074
writeTime@dir                     cstackCOMMON 0077
wtemp0                            (abs)        007E


MODULE INFORMATION

Module		Function		Class		Link	Load	Size
C:\Program Files\Microchip\xc8\v2.40\pic\sources\c90\common\awdiv.c
		___awdiv       		CODE           	05BC	0000	103

C:\Program Files\Microchip\xc8\v2.40\pic\sources\c90\common\awdiv.c estimated size: 103

C:\Program Files\Microchip\xc8\v2.40\pic\sources\c90\common\__lldiv.c
		___lldiv       		CODE           	0554	0000	104

C:\Program Files\Microchip\xc8\v2.40\pic\sources\c90\common\__lldiv.c estimated size: 104

C:/Users/Bryan Ortiz/Desktop/Digital2/LAB4/LAB4D2.X/LCD8B.c
		_Lcd_Write_String		CODE           	07A2	0000	37
		_Lcd_Init      		CODE           	067E	0000	77
		_Lcd_Write_Char		CODE           	07E7	0000	22
		_Lcd_Cmd       		CODE           	0FE6	0000	26
		_Lcd_Set_Cursor		CODE           	07C7	0000	32
		_Lcd_Clear     		CODE           	0FC4	0000	13
		_Lcd_Port      		CODE           	0F84	0000	6

C:/Users/Bryan Ortiz/Desktop/Digital2/LAB4/LAB4D2.X/LCD8B.c estimated size: 213

shared
		__stringtab    		STRING         	0800	0000	6
		__initialization		CODE           	000F	0000	9

shared estimated size: 15

C:\Program Files\Microchip\xc8\v2.40\pic\sources\c90\common\awmod.c
		___awmod       		CODE           	0623	0000	91

C:\Program Files\Microchip\xc8\v2.40\pic\sources\c90\common\awmod.c estimated size: 91

C:/Users/Bryan Ortiz/Desktop/Digital2/LAB4/LAB4D2.X/LAB4.c
		_main          		CODE           	001C	0000	1336
		_isr           		CODE           	0FD1	0000	21
		_setup         		CODE           	06CB	0000	59
		_writeTime     		CODE           	073E	0000	54

C:/Users/Bryan Ortiz/Desktop/Digital2/LAB4/LAB4D2.X/LAB4.c estimated size: 1470

C:/Users/Bryan Ortiz/Desktop/Digital2/LAB4/LAB4D2.X/I2C.c
		_I2C_Master_Read		CODE           	0774	0000	46
		_I2C_Master_Wait		CODE           	0FB7	0000	13
		_I2C_Master_Init		CODE           	0706	0000	56
		_I2C_Master_Stop		CODE           	0FA4	0000	9
		_I2C_Master_RepeatedStart		CODE           	0F92	0000	9
		_I2C_Master_Write		CODE           	0FAD	0000	10
		_I2C_Master_Start		CODE           	0F9B	0000	9

C:/Users/Bryan Ortiz/Desktop/Digital2/LAB4/LAB4D2.X/I2C.c estimated size: 152

